
> necro-pet@1.0.0 test
> vitest --run src/renderer/features/pet/__tests__/PetDisplay.property.test.tsx


[1m[46m RUN [49m[22m [36mv4.0.14 [39m[90mC:/Users/Home/Projects/Kiroween/necro-pet[39m

node.exe : (node:344) [MODULE_TYPELESS_PACKAGE_JSON] 
Warning: Module type of file:///C:/Users/Home/Projects/Ki
roween/necro-pet/postcss.config.js?t=1764769311281 is 
not specified and it doesn't parse as CommonJS.
At line:1 char:1
+ & "C:\Program Files\nodejs/node.exe" "C:\Program 
Files\nodejs/node_mo ...
+ ~~~~~~~~~~~~~~~~~~~~~~~~~~~~~~~~~~~~~~~~~~~~~~~~~~~~~~~
~~~~~~~~~~~~~~
    + CategoryInfo          : NotSpecified: ((node:344)  
   [MOD...se as CommonJS.:String) [], RemoteException
    + FullyQualifiedErrorId : NativeCommandError
 
Reparsing as ES module because module syntax was 
detected. This incurs a performance overhead.
To eliminate this warning, add "type": "module" to 
C:\Users\Home\Projects\Kiroween\necro-pet\package.json.
(Use `node --trace-warnings ...` to show where the 
warning was created)
[90mstdout[2m | src/renderer/features/pet/__tests__/PetDisplay.property.test.tsx[2m > [22m[2mPetDisplay Property Tests[2m > [22m[2mProperty 8: For any pet state, the display SHALL contain health value, XP value, and stage-appropriate elements
[22m[39m­ƒªç RESURRECTION DETECTED!
­ƒªç RESURRECTION DETECTED!
­ƒªç RESURRECTION DETECTED!
­ƒªç RESURRECTION DETECTED!
­ƒªç RESURRECTION DETECTED!
­ƒªç RESURRECTION DETECTED!
­ƒªç RESURRECTION DETECTED!
­ƒªç RESURRECTION DETECTED!
­ƒªç RESURRECTION DETECTED!
­ƒªç RESURRECTION DETECTED!
­ƒªç RESURRECTION DETECTED!
­ƒªç RESURRECTION DETECTED!
­ƒªç RESURRECTION DETECTED!
­ƒªç RESURRECTION DETECTED!
­ƒªç RESURRECTION DETECTED!
­ƒªç RESURRECTION DETECTED!
­ƒªç RESURRECTION DETECTED!
­ƒªç RESURRECTION DETECTED!
­ƒªç RESURRECTION DETECTED!
­ƒªç RESURRECTION DETECTED!
­ƒªç RESURRECTION DETECTED!
­ƒªç RESURRECTION DETECTED!
­ƒªç RESURRECTION DETECTED!
­ƒªç RESURRECTION DETECTED!
­ƒªç RESURRECTION DETECTED!
­ƒªç RESURRECTION DETECTED!
­ƒªç RESURRECTION DETECTED!
­ƒªç RESURRECTION DETECTED!
­ƒªç RESURRECTION DETECTED!
­ƒªç RESURRECTION DETECTED!
­ƒªç RESURRECTION DETECTED!
­ƒªç RESURRECTION DETECTED!
­ƒªç RESURRECTION DETECTED!
­ƒªç RESURRECTION DETECTED!
­ƒªç RESURRECTION DETECTED!
­ƒªç RESURRECTION DETECTED!
­ƒªç RESURRECTION DETECTED!
­ƒªç RESURRECTION DETECTED!
­ƒªç RESURRECTION DETECTED!
­ƒªç RESURRECTION DETECTED!
­ƒªç RESURRECTION DETECTED!
­ƒªç RESURRECTION DETECTED!
­ƒªç RESURRECTION DETECTED!
­ƒªç RESURRECTION DETECTED!
­ƒªç RESURRECTION DETECTED!
­ƒªç RESURRECTION DETECTED!
­ƒªç RESURRECTION DETECTED!
­ƒªç RESURRECTION DETECTED!
­ƒªç RESURRECTION DETECTED!
­ƒªç RESURRECTION DETECTED!
­ƒªç RESURRECTION DETECTED!
­ƒªç RESURRECTION DETECTED!
­ƒªç RESURRECTION DETECTED!
­ƒªç RESURRECTION DETECTED!
­ƒªç RESURRECTION DETECTED!
­ƒªç RESURRECTION DETECTED!
­ƒªç RESURRECTION DETECTED!
­ƒªç RESURRECTION DETECTED!
­ƒªç RESURRECTION DETECTED!
­ƒªç RESURRECTION DETECTED!
­ƒªç RESURRECTION DETECTED!
­ƒªç RESURRECTION DETECTED!
­ƒªç RESURRECTION DETECTED!
­ƒªç RESURRECTION DETECTED!
­ƒªç RESURRECTION DETECTED!
­ƒªç RESURRECTION DETECTED!
­ƒªç RESURRECTION DETECTED!
­ƒªç RESURRECTION DETECTED!
­ƒªç RESURRECTION DETECTED!
­ƒªç RESURRECTION DETECTED!
­ƒªç RESURRECTION DETECTED!
­ƒªç RESURRECTION DETECTED!
­ƒªç RESURRECTION DETECTED!
­ƒªç RESURRECTION DETECTED!
­ƒªç RESURRECTION DETECTED!
­ƒªç RESURRECTION DETECTED!
­ƒªç RESURRECTION DETECTED!
­ƒªç RESURRECTION DETECTED!
­ƒªç RESURRECTION DETECTED!
­ƒªç RESURRECTION DETECTED!
­ƒªç RESURRECTION DETECTED!
­ƒªç RESURRECTION DETECTED!
­ƒªç RESURRECTION DETECTED!
­ƒªç RESURRECTION DETECTED!
­ƒªç RESURRECTION DETECTED!
­ƒªç RESURRECTION DETECTED!
­ƒªç RESURRECTION DETECTED!
­ƒªç RESURRECTION DETECTED!
­ƒªç RESURRECTION DETECTED!
­ƒªç RESURRECTION DETECTED!
­ƒªç RESURRECTION DETECTED!
­ƒªç RESURRECTION DETECTED!
­ƒªç RESURRECTION DETECTED!
­ƒªç RESURRECTION DETECTED!
­ƒªç RESURRECTION DETECTED!
­ƒªç RESURRECTION DETECTED!
­ƒªç RESURRECTION DETECTED!
­ƒªç RESURRECTION DETECTED!
­ƒªç RESURRECTION DETECTED!
­ƒªç RESURRECTION DETECTED!
­ƒªç RESURRECTION DETECTED!
­ƒªç RESURRECTION DETECTED!
­ƒªç RESURRECTION DETECTED!
­ƒªç RESURRECTION DETECTED!
­ƒªç RESURRECTION DETECTED!
­ƒªç RESURRECTION DETECTED!
­ƒªç RESURRECTION DETECTED!
­ƒªç RESURRECTION DETECTED!
­ƒªç RESURRECTION DETECTED!
­ƒªç RESURRECTION DETECTED!
­ƒªç RESURRECTION DETECTED!
­ƒªç RESURRECTION DETECTED!
­ƒªç RESURRECTION DETECTED!
­ƒªç RESURRECTION DETECTED!
­ƒªç RESURRECTION DETECTED!
­ƒªç RESURRECTION DETECTED!
­ƒªç RESURRECTION DETECTED!
­ƒªç RESURRECTION DETECTED!
­ƒªç RESURRECTION DETECTED!
­ƒªç RESURRECTION DETECTED!
­ƒªç RESURRECTION DETECTED!
­ƒªç RESURRECTION DETECTED!
­ƒªç RESURRECTION DETECTED!
­ƒªç RESURRECTION DETECTED!
­ƒªç RESURRECTION DETECTED!
­ƒªç RESURRECTION DETECTED!
­ƒªç RESURRECTION DETECTED!
­ƒªç RESURRECTION DETECTED!
­ƒªç RESURRECTION DETECTED!
­ƒªç RESURRECTION DETECTED!
­ƒªç RESURRECTION DETECTED!
­ƒªç RESURRECTION DETECTED!
­ƒªç RESURRECTION DETECTED!

[90mstdout[2m | src/renderer/features/pet/__tests__/PetDisplay.property.test.tsx[2m > [22m[2mPetDisplay Property Tests[2m > [22m[2mProperty 8: Display SHALL reflect mood changes through visual feedback
[22m[39m­ƒªç RESURRECTION DETECTED!
­ƒªç RESURRECTION DETECTED!
­ƒªç RESURRECTION DETECTED!
­ƒªç RESURRECTION DETECTED!
­ƒªç RESURRECTION DETECTED!
­ƒªç RESURRECTION DETECTED!
­ƒªç RESURRECTION DETECTED!
­ƒªç RESURRECTION DETECTED!
­ƒªç RESURRECTION DETECTED!
­ƒªç RESURRECTION DETECTED!
­ƒªç RESURRECTION DETECTED!
­ƒªç RESURRECTION DETECTED!
­ƒªç RESURRECTION DETECTED!
­ƒªç RESURRECTION DETECTED!
­ƒªç RESURRECTION DETECTED!
­ƒªç RESURRECTION DETECTED!
­ƒªç RESURRECTION DETECTED!
­ƒªç RESURRECTION DETECTED!
­ƒªç RESURRECTION DETECTED!
­ƒªç RESURRECTION DETECTED!
­ƒªç RESURRECTION DETECTED!
­ƒªç RESURRECTION DETECTED!
­ƒªç RESURRECTION DETECTED!
­ƒªç RESURRECTION DETECTED!
­ƒªç RESURRECTION DETECTED!
­ƒªç RESURRECTION DETECTED!
­ƒªç RESURRECTION DETECTED!
­ƒªç RESURRECTION DETECTED!
­ƒªç RESURRECTION DETECTED!
­ƒªç RESURRECTION DETECTED!
­ƒªç RESURRECTION DETECTED!
­ƒªç RESURRECTION DETECTED!
­ƒªç RESURRECTION DETECTED!
­ƒªç RESURRECTION DETECTED!
­ƒªç RESURRECTION DETECTED!
­ƒªç RESURRECTION DETECTED!
­ƒªç RESURRECTION DETECTED!
­ƒªç RESURRECTION DETECTED!
­ƒªç RESURRECTION DETECTED!
­ƒªç RESURRECTION DETECTED!
­ƒªç RESURRECTION DETECTED!
­ƒªç RESURRECTION DETECTED!
­ƒªç RESURRECTION DETECTED!
­ƒªç RESURRECTION DETECTED!
­ƒªç RESURRECTION DETECTED!
­ƒªç RESURRECTION DETECTED!
­ƒªç RESURRECTION DETECTED!
­ƒªç RESURRECTION DETECTED!
­ƒªç RESURRECTION DETECTED!
­ƒªç RESURRECTION DETECTED!
­ƒªç RESURRECTION DETECTED!
­ƒªç RESURRECTION DETECTED!
­ƒªç RESURRECTION DETECTED!
­ƒªç RESURRECTION DETECTED!
­ƒªç RESURRECTION DETECTED!
­ƒªç RESURRECTION DETECTED!
­ƒªç RESURRECTION DETECTED!
­ƒªç RESURRECTION DETECTED!
­ƒªç RESURRECTION DETECTED!
­ƒªç RESURRECTION DETECTED!
­ƒªç RESURRECTION DETECTED!
­ƒªç RESURRECTION DETECTED!
­ƒªç RESURRECTION DETECTED!
­ƒªç RESURRECTION DETECTED!
­ƒªç RESURRECTION DETECTED!
­ƒªç RESURRECTION DETECTED!
­ƒªç RESURRECTION DETECTED!
­ƒªç RESURRECTION DETECTED!
­ƒªç RESURRECTION DETECTED!
­ƒªç RESURRECTION DETECTED!
­ƒªç RESURRECTION DETECTED!
­ƒªç RESURRECTION DETECTED!
­ƒªç RESURRECTION DETECTED!
­ƒªç RESURRECTION DETECTED!
­ƒªç RESURRECTION DETECTED!
­ƒªç RESURRECTION DETECTED!
­ƒªç RESURRECTION DETECTED!
­ƒªç RESURRECTION DETECTED!
­ƒªç RESURRECTION DETECTED!
­ƒªç RESURRECTION DETECTED!
­ƒªç RESURRECTION DETECTED!
­ƒªç RESURRECTION DETECTED!
­ƒªç RESURRECTION DETECTED!
­ƒªç RESURRECTION DETECTED!
­ƒªç RESURRECTION DETECTED!
­ƒªç RESURRECTION DETECTED!
­ƒªç RESURRECTION DETECTED!
­ƒªç RESURRECTION DETECTED!
­ƒªç RESURRECTION DETECTED!
­ƒªç RESURRECTION DETECTED!
­ƒªç RESURRECTION DETECTED!
­ƒªç RESURRECTION DETECTED!
­ƒªç RESURRECTION DETECTED!
­ƒªç RESURRECTION DETECTED!
­ƒªç RESURRECTION DETECTED!
­ƒªç RESURRECTION DETECTED!
­ƒªç RESURRECTION DETECTED!
­ƒªç RESURRECTION DETECTED!
­ƒªç RESURRECTION DETECTED!
­ƒªç RESURRECTION DETECTED!
­ƒªç RESURRECTION DETECTED!
­ƒªç RESURRECTION DETECTED!
­ƒªç RESURRECTION DETECTED!
­ƒªç RESURRECTION DETECTED!
­ƒªç RESURRECTION DETECTED!
­ƒªç RESURRECTION DETECTED!
­ƒªç RESURRECTION DETECTED!
­ƒªç RESURRECTION DETECTED!
­ƒªç RESURRECTION DETECTED!
­ƒªç RESURRECTION DETECTED!
­ƒªç RESURRECTION DETECTED!
­ƒªç RESURRECTION DETECTED!
­ƒªç RESURRECTION DETECTED!
­ƒªç RESURRECTION DETECTED!
­ƒªç RESURRECTION DETECTED!
­ƒªç RESURRECTION DETECTED!
­ƒªç RESURRECTION DETECTED!
­ƒªç RESURRECTION DETECTED!
­ƒªç RESURRECTION DETECTED!
­ƒªç RESURRECTION DETECTED!
­ƒªç RESURRECTION DETECTED!
­ƒªç RESURRECTION DETECTED!
­ƒªç RESURRECTION DETECTED!
­ƒªç RESURRECTION DETECTED!
­ƒªç RESURRECTION DETECTED!
­ƒªç RESURRECTION DETECTED!
­ƒªç RESURRECTION DETECTED!
­ƒªç RESURRECTION DETECTED!
­ƒªç RESURRECTION DETECTED!
­ƒªç RESURRECTION DETECTED!
­ƒªç RESURRECTION DETECTED!
­ƒªç RESURRECTION DETECTED!
­ƒªç RESURRECTION DETECTED!
­ƒªç RESURRECTION DETECTED!
­ƒªç RESURRECTION DETECTED!
­ƒªç RESURRECTION DETECTED!
­ƒªç RESURRECTION DETECTED!
­ƒªç RESURRECTION DETECTED!
­ƒªç RESURRECTION DETECTED!
­ƒªç RESURRECTION DETECTED!
­ƒªç RESURRECTION DETECTED!
­ƒªç RESURRECTION DETECTED!
­ƒªç RESURRECTION DETECTED!
­ƒªç RESURRECTION DETECTED!
­ƒªç RESURRECTION DETECTED!
­ƒªç RESURRECTION DETECTED!
­ƒªç RESURRECTION DETECTED!
­ƒªç RESURRECTION DETECTED!
­ƒªç RESURRECTION DETECTED!
­ƒªç RESURRECTION DETECTED!
­ƒªç RESURRECTION DETECTED!
­ƒªç RESURRECTION DETECTED!
­ƒªç RESURRECTION DETECTED!
­ƒªç RESURRECTION DETECTED!
­ƒªç RESURRECTION DETECTED!
­ƒªç RESURRECTION DETECTED!
­ƒªç RESURRECTION DETECTED!
­ƒªç RESURRECTION DETECTED!
­ƒªç RESURRECTION DETECTED!
­ƒªç RESURRECTION DETECTED!
­ƒªç RESURRECTION DETECTED!
­ƒªç RESURRECTION DETECTED!
­ƒªç RESURRECTION DETECTED!
­ƒªç RESURRECTION DETECTED!
­ƒªç RESURRECTION DETECTED!
­ƒªç RESURRECTION DETECTED!
­ƒªç RESURRECTION DETECTED!
­ƒªç RESURRECTION DETECTED!
­ƒªç RESURRECTION DETECTED!
­ƒªç RESURRECTION DETECTED!
­ƒªç RESURRECTION DETECTED!
­ƒªç RESURRECTION DETECTED!
­ƒªç RESURRECTION DETECTED!
­ƒªç RESURRECTION DETECTED!
­ƒªç RESURRECTION DETECTED!
­ƒªç RESURRECTION DETECTED!
­ƒªç RESURRECTION DETECTED!
­ƒªç RESURRECTION DETECTED!
­ƒªç RESURRECTION DETECTED!
­ƒªç RESURRECTION DETECTED!
­ƒªç RESURRECTION DETECTED!
­ƒªç RESURRECTION DETECTED!
­ƒªç RESURRECTION DETECTED!
­ƒªç RESURRECTION DETECTED!
­ƒªç RESURRECTION DETECTED!
­ƒªç RESURRECTION DETECTED!
­ƒªç RESURRECTION DETECTED!
­ƒªç RESURRECTION DETECTED!
­ƒªç RESURRECTION DETECTED!
­ƒªç RESURRECTION DETECTED!
­ƒªç RESURRECTION DETECTED!
­ƒªç RESURRECTION DETECTED!
­ƒªç RESURRECTION DETECTED!
­ƒªç RESURRECTION DETECTED!
­ƒªç RESURRECTION DETECTED!
­ƒªç RESURRECTION DETECTED!
­ƒªç RESURRECTION DETECTED!
­ƒªç RESURRECTION DETECTED!
­ƒªç RESURRECTION DETECTED!
­ƒªç RESURRECTION DETECTED!
­ƒªç RESURRECTION DETECTED!
­ƒªç RESURRECTION DETECTED!
­ƒªç RESURRECTION DETECTED!
­ƒªç RESURRECTION DETECTED!
­ƒªç RESURRECTION DETECTED!
­ƒªç RESURRECTION DETECTED!
­ƒªç RESURRECTION DETECTED!
­ƒªç RESURRECTION DETECTED!
­ƒªç RESURRECTION DETECTED!
­ƒªç RESURRECTION DETECTED!
­ƒªç RESURRECTION DETECTED!
­ƒªç RESURRECTION DETECTED!
­ƒªç RESURRECTION DETECTED!
­ƒªç RESURRECTION DETECTED!
­ƒªç RESURRECTION DETECTED!
­ƒªç RESURRECTION DETECTED!
­ƒªç RESURRECTION DETECTED!
­ƒªç RESURRECTION DETECTED!
­ƒªç RESURRECTION DETECTED!
­ƒªç RESURRECTION DETECTED!
­ƒªç RESURRECTION DETECTED!
­ƒªç RESURRECTION DETECTED!
­ƒªç RESURRECTION DETECTED!
­ƒªç RESURRECTION DETECTED!
­ƒªç RESURRECTION DETECTED!
­ƒªç RESURRECTION DETECTED!
­ƒªç RESURRECTION DETECTED!
­ƒªç RESURRECTION DETECTED!
­ƒªç RESURRECTION DETECTED!
­ƒªç RESURRECTION DETECTED!
­ƒªç RESURRECTION DETECTED!
­ƒªç RESURRECTION DETECTED!
­ƒªç RESURRECTION DETECTED!
­ƒªç RESURRECTION DETECTED!
­ƒªç RESURRECTION DETECTED!
­ƒªç RESURRECTION DETECTED!
­ƒªç RESURRECTION DETECTED!
­ƒªç RESURRECTION DETECTED!
­ƒªç RESURRECTION DETECTED!
­ƒªç RESURRECTION DETECTED!
­ƒªç RESURRECTION DETECTED!
­ƒªç RESURRECTION DETECTED!
­ƒªç RESURRECTION DETECTED!
­ƒªç RESURRECTION DETECTED!
­ƒªç RESURRECTION DETECTED!
­ƒªç RESURRECTION DETECTED!
­ƒªç RESURRECTION DETECTED!
­ƒªç RESURRECTION DETECTED!
­ƒªç RESURRECTION DETECTED!
­ƒªç RESURRECTION DETECTED!
­ƒªç RESURRECTION DETECTED!
­ƒªç RESURRECTION DETECTED!
­ƒªç RESURRECTION DETECTED!
­ƒªç RESURRECTION DETECTED!
­ƒªç RESURRECTION DETECTED!
­ƒªç RESURRECTION DETECTED!
­ƒªç RESURRECTION DETECTED!
­ƒªç RESURRECTION DETECTED!
­ƒªç RESURRECTION DETECTED!
­ƒªç RESURRECTION DETECTED!
­ƒªç RESURRECTION DETECTED!
­ƒªç RESURRECTION DETECTED!
­ƒªç RESURRECTION DETECTED!
­ƒªç RESURRECTION DETECTED!
­ƒªç RESURRECTION DETECTED!
­ƒªç RESURRECTION DETECTED!
­ƒªç RESURRECTION DETECTED!
­ƒªç RESURRECTION DETECTED!
­ƒªç RESURRECTION DETECTED!
­ƒªç RESURRECTION DETECTED!
­ƒªç RESURRECTION DETECTED!
­ƒªç RESURRECTION DETECTED!
­ƒªç RESURRECTION DETECTED!
­ƒªç RESURRECTION DETECTED!
­ƒªç RESURRECTION DETECTED!
­ƒªç RESURRECTION DETECTED!
­ƒªç RESURRECTION DETECTED!
­ƒªç RESURRECTION DETECTED!
­ƒªç RESURRECTION DETECTED!
­ƒªç RESURRECTION DETECTED!
­ƒªç RESURRECTION DETECTED!
­ƒªç RESURRECTION DETECTED!
­ƒªç RESURRECTION DETECTED!
­ƒªç RESURRECTION DETECTED!
­ƒªç RESURRECTION DETECTED!
­ƒªç RESURRECTION DETECTED!
­ƒªç RESURRECTION DETECTED!
­ƒªç RESURRECTION DETECTED!
­ƒªç RESURRECTION DETECTED!
­ƒªç RESURRECTION DETECTED!
­ƒªç RESURRECTION DETECTED!
­ƒªç RESURRECTION DETECTED!
­ƒªç RESURRECTION DETECTED!
­ƒªç RESURRECTION DETECTED!
­ƒªç RESURRECTION DETECTED!
­ƒªç RESURRECTION DETECTED!
­ƒªç RESURRECTION DETECTED!
­ƒªç RESURRECTION DETECTED!
­ƒªç RESURRECTION DETECTED!
­ƒªç RESURRECTION DETECTED!
­ƒªç RESURRECTION DETECTED!
­ƒªç RESURRECTION DETECTED!
­ƒªç RESURRECTION DETECTED!
­ƒªç RESURRECTION DETECTED!
­ƒªç RESURRECTION DETECTED!
­ƒªç RESURRECTION DETECTED!
­ƒªç RESURRECTION DETECTED!
­ƒªç RESURRECTION DETECTED!
­ƒªç RESURRECTION DETECTED!
­ƒªç RESURRECTION DETECTED!
­ƒªç RESURRECTION DETECTED!
­ƒªç RESURRECTION DETECTED!
­ƒªç RESURRECTION DETECTED!
­ƒªç RESURRECTION DETECTED!
­ƒªç RESURRECTION DETECTED!
­ƒªç RESURRECTION DETECTED!
­ƒªç RESURRECTION DETECTED!
­ƒªç RESURRECTION DETECTED!
­ƒªç RESURRECTION DETECTED!
­ƒªç RESURRECTION DETECTED!
­ƒªç RESURRECTION DETECTED!
­ƒªç RESURRECTION DETECTED!
­ƒªç RESURRECTION DETECTED!
­ƒªç RESURRECTION DETECTED!
­ƒªç RESURRECTION DETECTED!
­ƒªç RESURRECTION DETECTED!
­ƒªç RESURRECTION DETECTED!
­ƒªç RESURRECTION DETECTED!
­ƒªç RESURRECTION DETECTED!
­ƒªç RESURRECTION DETECTED!
­ƒªç RESURRECTION DETECTED!
­ƒªç RESURRECTION DETECTED!
­ƒªç RESURRECTION DETECTED!
­ƒªç RESURRECTION DETECTED!
­ƒªç RESURRECTION DETECTED!
­ƒªç RESURRECTION DETECTED!
­ƒªç RESURRECTION DETECTED!
­ƒªç RESURRECTION DETECTED!
­ƒªç RESURRECTION DETECTED!
­ƒªç RESURRECTION DETECTED!
­ƒªç RESURRECTION DETECTED!
­ƒªç RESURRECTION DETECTED!
­ƒªç RESURRECTION DETECTED!
­ƒªç RESURRECTION DETECTED!
­ƒªç RESURRECTION DETECTED!
­ƒªç RESURRECTION DETECTED!
­ƒªç RESURRECTION DETECTED!
­ƒªç RESURRECTION DETECTED!
­ƒªç RESURRECTION DETECTED!
­ƒªç RESURRECTION DETECTED!
­ƒªç RESURRECTION DETECTED!
­ƒªç RESURRECTION DETECTED!
­ƒªç RESURRECTION DETECTED!
­ƒªç RESURRECTION DETECTED!
­ƒªç RESURRECTION DETECTED!
­ƒªç RESURRECTION DETECTED!
­ƒªç RESURRECTION DETECTED!
­ƒªç RESURRECTION DETECTED!
­ƒªç RESURRECTION DETECTED!
­ƒªç RESURRECTION DETECTED!
­ƒªç RESURRECTION DETECTED!
­ƒªç RESURRECTION DETECTED!
­ƒªç RESURRECTION DETECTED!
­ƒªç RESURRECTION DETECTED!
­ƒªç RESURRECTION DETECTED!
­ƒªç RESURRECTION DETECTED!
­ƒªç RESURRECTION DETECTED!
­ƒªç RESURRECTION DETECTED!
­ƒªç RESURRECTION DETECTED!
­ƒªç RESURRECTION DETECTED!
­ƒªç RESURRECTION DETECTED!
­ƒªç RESURRECTION DETECTED!
­ƒªç RESURRECTION DETECTED!
­ƒªç RESURRECTION DETECTED!
­ƒªç RESURRECTION DETECTED!
­ƒªç RESURRECTION DETECTED!

 [32mÔ£ô[39m src/renderer/features/pet/__tests__/PetDisplay.property.test.tsx [2m([22m[2m5 tests[22m[2m)[22m[33m 56636[2mms[22m[39m
     [33m[2mÔ£ô[22m[39m Property 8: For any pet state, the display SHALL contain health value, XP value, and stage-appropriate elements [33m 21811[2mms[22m[39m
     [33m[2mÔ£ô[22m[39m Property 8: Display SHALL reflect mood changes through visual feedback [33m 7012[2mms[22m[39m
     [33m[2mÔ£ô[22m[39m Property 8: Display SHALL show correct stage name for all XP values [33m 23310[2mms[22m[39m
     [33m[2mÔ£ô[22m[39m Property 8: Display SHALL show GHOST stage when health is 0 regardless of XP [33m 4494[2mms[22m[39m

[2m Test Files [22m [1m[32m1 passed[39m[22m[90m (1)[39m
[2m      Tests [22m [1m[32m5 passed[39m[22m[90m (5)[39m
[2m   Start at [22m 19:11:51
[2m   Duration [22m 59.98s[2m (transform 161ms, setup 0ms, import 932ms, tests 56.64s, environment 1.76s)[22m

